help.are
limbo.are
gmage.are
ghealer.are
gthief.are
gwarrior.are
emage.are
ehealer.are
ethief.are
ewarrior.are
xylar2.are
demos1.are
westhwy1.are
kort.are
lanfear1.are
tpm.are
orintwo.are
nicohwy.are
gex01.are
are9.are
impact01.are
yardik01.are
allkeys.are
grumb01.are
xylar3.are
grumb06.are
wire.are
lanf01.are
klaw02.are
underriver.are
xylar4.are
masqe1.are
impact02.are
masqefor.are
talon01.are
Mog1.are
klaw01.are
nico01.are
smack.are
beuk.are
Porthos01.are
Porthos02.are
fed03.are
orin3.are
arthree.are
arfive.are
lari01.are
abc9.are
bruenor.are
Spectre1.are
spec2.are
grumb05.are
odie.are
wage.are
fed01.are
nico1.are
gnargnoc.are
marabel.are
sam01.are
geist1.are
Grumble1.are
Hydro1.are
Adara1.are
School.are
lyth.are
black.are
Auroch.are
zippo01.are
hadrian.are
distan01.are
trcentr.are
xxxxh.are
shdd.are
xrin1.are
haplo.are
wnewbie.are
Daelomin1.are
Dcastle.are
adfeida1.are
adfieda2.are
adfeida7.are
Adfeida6.are
xxthir.are
xxfourt.are
xan1.are
xan5.are
meliere.are
xenoth.are
Barwas.are
gex02.are
roadmr.are
orfour.are
ulula1.are
klaw03.are
kilith102.are
ryxen02.are
sab01.are
hawle.are
heaven.are
aur3.are
grumrock.are
kil03.are
yardik.are
arone.are
arfour.are
nath.are
arsevn.are
areigh.are
xxxo.are
xxx3.are
xxx4.are
xxxxf.are
samhell.are
kil01.are
orfive.are
orinsix.are
orineig.are
orinnin.are
shar.are
markk.are
yy4.are
zz15.are
abc11.are
abc17.are
na3.are
na6.are
cresis01.are
orinele.are
orintwe.are
orthirt.are
orfourt.are
cym.are
kilith101.are
$
